0.211197
0
0
0
0
0
0
0
0
0
0.00472321
0.0188525
0.0469906
0.0875447
0.142
0.189653
0.220257
0.235099
0.216387
0.0744895
0.0126393
0.181631
0.0573436
0.0964424
0
0
0.192853
0.140254
0.0724014
0.106205
0
0.0496344
0
0.180256
0.0899534
0
0.194118
0.0712145
0.0119914
0.00445999
0.000828656
0.126502
0.163325
0.153471
0.230155
0.209873
0.0256985
0.00732956
0.00362236
0.0331769
0.194881
0.125483
0.176868
0.225189
0.215667
0.251835
0.145363
0.193375
0.16667
0.13772
0.0329571
0.053923
0.176573
0.21612
0.137369
0.255406
0.288719
0.0498196
0.228679
0.236819
0.269795
0.240846
0.252428
0.178364
0.0499268
0.273594
0.251332
0.201149
0.0742926
0.111675
0.0714817
0.0946803
0.166084
0.127467
0.205854
0.225779
0.262208
0.247592
0.194963
0.265421
0.176763
0.294067
0.150035
0.174321
0.150074
0.24335
0.273638
0.201363
0.29502
0.249516
0.222637
0.245876
0.25299
0.205801
0.264468
0.23077
0.232336
0.257851
0.284476
0.246264
0.292164
0.271689
0.312382
0.279943
0.340945
0.263863
0.316287
0.315096
0.339483
0.300928
0.317933
0.280349
0.28387
0.306418
0.303075
0.294494
0.303776
0.291047
0.258323
0.259071
0.234846
0.296116
0.307229
0.25384
0.220496
0.190647
0.252461
0.296938
0.224115
0.173431
0.103956
0.100904
0.0706825
0.361736
0.231594
0.0804132
0.0801748
0.120543
0.133049
0.113143
0.151726
0.255868
0.262414
0.295266
0.246196
0.0973494
0.0979173
0.143684
0.216005
0.256624
0.251145
0.252375
0.24417
0.24293
0.251715
0.243145
0.257318
0.213337
0.170625
0.30315
0.281513
0.292531
0.257779
0.268762
0.226183
0.216284
0.185403
0.168413
0.151894
0.193889
0.245276
0.126901
0.14968
0.0942945
0.109356
0.0277112
0.163836
0.17174
0.0641971
0.108865
0.303715
0.119486
0.0863783
0.278344
0.10744
0.16236
0.277419
0.255779
0.203517
0.206813
0.232316
0.194317
0.160005
0.197522
0.131833
0.198198
0.212401
0.134131
0.281782
0.255115
0.118505
0.188582
0.255151
0.145415
0.181887
0.164145
0.188254
0.235019
0.298172
0.322476
0.0305335
0.286815
0.123492
0.246753
0.0870519
0.0555057
0.208525
0.257426
0.110851
0.193309
0.083927
0.21171
0.22629
0.286161
0.279959
0.179159
0.136461
0.0593509
0.0725181
0.217251
0.253975
0.21357
0.254914
0.28801
0.233012
0.0138222
0.0358431
0.00897626
0.0775003
0.0166365
0.206689
0.165365
0.223765
0.318169
0.172847
0.306245
0.039572
0.0039064
0.028676
0.0208104
0.243261
0.201869
0.181429
0.0769505
0.121569
0.174722
0.00109882
0.0739937
0.00827872
0.0690926
0.0313859
0.0134318
0.159744
0.273768
0.303571
0.291233
0.277233
0.175629
0.239064
0.194646
0.0498614
0.299055
0.0778741
0.240035
0.272385
0.300142
0.233642
0.0636958
0.158554
0.165201
0.233685
0.0482185
0.0722415
0
0.22533
0.0936665
0.108467
0.0701242
0.105806
0
0.0722659
0.173013
0.147389
0.0109867
0.220938
0.311267
0.0929947
0.281823
0.2728
0.26713
0.10624
0.226362
0.127561
0.0860467
0.0838178
0.120786
0.221085
0.297914
0.33496
0.293457
0.13315
0.248236
0.194498
0.191832
0.0787689
0.191961
0.148196
0.197488
0.177925
0.2488
0.19927
0.115767
0.110476
0.171095
0.180935
0.202892
0.143801
0.222321
0.296477
0.286997
0.0792807
0.287837
0.294875
0.244002
0.227617
0.231534
0.141817
0.124462
0.298626
0.299514
0.283681
0.23868
0.299118
0.20222
0.248685
0.133607
0.262436
0.260681
0.283655
0.215312
0.21544
0.15877
0.297396
0.0271078
0.261523
0.0164646
0.132889
0.278197
0.0850382
0.168785
0.218211
0.0592411
0.0579238
0.0338695
0.210485
0
0.265458
0.165153
0.190964
0.260958
0.020349
0.209415
0.246528
0.273461
0.300835
0.196143
0.243865
0.210021
0.196832
0.258109
0.0572297
0.0943993
0.341744
0.0477509
0.175
0.142204
0.20823
0.0825348
0.251642
0.173853
0.294123
0.234428
0.100519
0.12358
0.017425
0.0859477
0.184636
0.00580458
0.190208
0.310182
0.0890016
0
0.278497
0.071781
0.0106489
0.229889
0.246909
0.168214
0.17175
0.316772
0.237699
0.275711
0.219213
0.176249
0.293542
0.254388
0.132315
0.241774
0.100212
0.00888149
0.16851
0.280417
0.127134
0.278927
0.295437
0.228744
0.107516
0.0403074
0.2253
0.253994
0.286366
0.260973
0.268368
0.0610902
0.238199
0.0661534
0.20008
0.227766
0.0340333
0.133211
0.066399
0.120637
0.325701
0.261378
0.082025
0.0681295
0.237263
0.0758601
0.172921
0.12766
0.150913
0.14287
0.0122539
0.224236
0.139148
0.014249
0.174482
0.163091
0.0429256
0.0957427
0.00601191
0.219081
0.118584
0.140985
0.2802
0.119264
0.185406
0.232775
0.205558
0.108801
0.202043
0.0386993
0.266292
0.243845
0.166125
0.0996952
0.219113
0.0334776
0.0153994
0.158475
0.131974
0.135822
0.131934
0.187592
0.11128
0.000711116
0.152539
0.139771
0.0499913
0.256794
0.0633392
0.186488
0.0661692
0.231669
0.109177
0.275813
0.117308
0.0616286
0.0319834
0.049551
0.0258346
0.142338
0.22843
0.287751
0.011428
0.0353982
0.109727
0.135884
0.132284
0.213932
0.267835
0.268497
0.165393
0.208029
0.0793513
0.214079
0.20866
0.20632
0.173953
0.22641
0.178724
0.00742639
0.217884
0.122548
0.278022
0.0181078
0.129857
0.164605
0.217051
0.194571
0.277645
0.00344755
0.221586
0.00468006
0.107443
0.180469
0.0953261
0.242273
0.0841264
0.21469
0.205883
0.270014
0
0.22268
0.188879
0.20224
0.0676043
0.286648
0.142359
0.132433
0.113971
0
0.216541
0.14517
0.227136
0.277982
0.159505
0.174702
0.110698
0.0664267
0.112428
0.116126
0.0818109
0.0459335
0.238188
0.239062
0.17547
0.20144
0.00897317
0.0621013
0.281626
0.0988265
0.13367
0.235797
0.240967
0.210645
0.211781
0
0.244096
0.203425
0.151567
0.244139
0.0454729
0.236198
0.0569652
0.0263775
0.0771252
0.174665
0.17176
0.109412
0.210077
0.172458
0.207837
0.101782
0.216072
0.228432
0.0610096
0.108564
0.0479521
0.174855
0.196333
0.221377
0.0717948
0.161199
0.30431
0.0413105
0.0237204
0.13854
0.130585
0.179793
0.0306847
0.0832356
0.067901
0.0925087
0.215319
0.178913
0.0793858
0.219166
0.219095
0.15722
0.282511
0.0437737
0.234484
0.253434
0.107968
0.126167
0.279037
0.0987978
0.0117018
0.203572
0.0990417
0.236409
0.188415
0.187872
0.203787
0.26719
0.17484
0.254413
0.196529
0.212555
0.226806
0.0232981
0.0590273
0
0.176549
0.123795
0.00963929
0.0972587
0.235869
0.215179
0.133141
0.0927103
0.200194
0.132653
0.26254
0.197693
0.263159
0.215596
0.0569351
0.225692
0.307625
0.148284
0.06856
0.243957
0.224282
0.0200654
0.00525895
0
0.166758
0.104663
0.204793
0.210751
0.292947
0.220399
0.0809743
0.326015
0.216964
0.136288
0.181743
0.00524156
0.193118
0.257143
0.161158
0.228083
0.141044
0.0281286
0.101174
0.214377
0.229291
0.163606
0.157436
0.261614
0.248131
0.0561584
0.0233855
0.210866
0.248404
0.150603
0.17379
0.0171576
0.278893
0.122127
0.231408
0.106444
0.233886
0.179568
0.165948
0.242202
0.0889683
0.274781
0.277595
0.205978
0.138284
0.200742
0.119886
0.185389
0.184881
0.167134
0.183254
0.0267435
0.198495
0.231246
0.0243571
0.0270182
0.0947361
0.0860937
0.125209
0.155735
0.152545
0.0465688
0.119662
0.200629
0.0748294
0.198962
0.140938
0.188553
